// Jest Snapshot v1, https://goo.gl/fbAQLP

exports[`App changes the class when hovered 1`] = `
<div
  style={
    Object {
      "display": "flex",
      "justifyContent": "space-evenly",
      "minWidth": "79.2rem",
      "padding": "0.5rem",
    }
  }
>
  <div
    style={
      Object {
        "alignSelf": "flex-start",
        "display": "flex",
        "flexDirection": "column",
        "width": "20rem",
      }
    }
  >
    <div
      style={
        Object {
          "border": "0",
          "margin": "0",
          "padding": "0.5rem",
        }
      }
    >
      <div>
        0
      </div>
    </div>
    <div
      style={
        Object {
          "border": "0",
          "margin": "0",
          "padding": "0.5rem",
        }
      }
    >
      <div>
        4
      </div>
    </div>
    <div
      style={
        Object {
          "border": "0",
          "margin": "0",
          "padding": "0.5rem",
        }
      }
    >
      <div>
        8
      </div>
    </div>
    <div
      style={
        Object {
          "border": "0",
          "margin": "0",
          "padding": "0.5rem",
        }
      }
    >
      <div>
        12
      </div>
    </div>
  </div>
  <div
    style={
      Object {
        "alignSelf": "flex-start",
        "display": "flex",
        "flexDirection": "column",
        "width": "20rem",
      }
    }
  >
    <div
      style={
        Object {
          "border": "0",
          "margin": "0",
          "padding": "0.5rem",
        }
      }
    >
      <div>
        1
      </div>
    </div>
    <div
      style={
        Object {
          "border": "0",
          "margin": "0",
          "padding": "0.5rem",
        }
      }
    >
      <div>
        5
      </div>
    </div>
    <div
      style={
        Object {
          "border": "0",
          "margin": "0",
          "padding": "0.5rem",
        }
      }
    >
      <div>
        9
      </div>
    </div>
    <div
      style={
        Object {
          "border": "0",
          "margin": "0",
          "padding": "0.5rem",
        }
      }
    >
      <div>
        13
      </div>
    </div>
  </div>
  <div
    style={
      Object {
        "alignSelf": "flex-start",
        "display": "flex",
        "flexDirection": "column",
        "width": "20rem",
      }
    }
  >
    <div
      style={
        Object {
          "border": "0",
          "margin": "0",
          "padding": "0.5rem",
        }
      }
    >
      <div>
        2
      </div>
    </div>
    <div
      style={
        Object {
          "border": "0",
          "margin": "0",
          "padding": "0.5rem",
        }
      }
    >
      <div>
        6
      </div>
    </div>
    <div
      style={
        Object {
          "border": "0",
          "margin": "0",
          "padding": "0.5rem",
        }
      }
    >
      <div>
        10
      </div>
    </div>
    <div
      style={
        Object {
          "border": "0",
          "margin": "0",
          "padding": "0.5rem",
        }
      }
    >
      <div>
        14
      </div>
    </div>
  </div>
  <div
    style={
      Object {
        "alignSelf": "flex-start",
        "display": "flex",
        "flexDirection": "column",
        "width": "20rem",
      }
    }
  >
    <div
      style={
        Object {
          "border": "0",
          "margin": "0",
          "padding": "0.5rem",
        }
      }
    >
      <div>
        3
      </div>
    </div>
    <div
      style={
        Object {
          "border": "0",
          "margin": "0",
          "padding": "0.5rem",
        }
      }
    >
      <div>
        7
      </div>
    </div>
    <div
      style={
        Object {
          "border": "0",
          "margin": "0",
          "padding": "0.5rem",
        }
      }
    >
      <div>
        11
      </div>
    </div>
  </div>
</div>
`;
